---
source: crates/rattler_conda_types/src/match_spec/parse.rs
assertion_line: 930
expression: evaluated
---
2.7|>=3.6:
  version: "==2.7|>=3.6"
