2022-02-03 11:36:22.155886
python 3.6.10 |Anaconda, Inc.| (default, Jan  7 2020, 21:14:29) 
[GCC 7.3.0]
numpy 1.19.2
ase 3.21.1
flare 0.2.4
flare_pp 0.1.2

Number of cpu cores: 1
Kernel: ['twobody', 'threebody']
Training points: 20
Cutoffs: {'twobody': 10.0, 'threebody': 6.0}
Number of hyperparameters: 5
Hyperparameter array: [0.0808212  5.15251007 0.00681611 3.6906163  0.1318486 ]
sig2: 0.0808211952521854 
ls2: 5.152510070065867 
sig3: 0.006816111137216106 
ls3: 3.6906163017688973 
noise: 0.1318485954038735 

Uncertainty tolerance: 1.0 times noise hyperparameter 
Timestep (ps): 0.001
Number of frames: 8
Number of atoms: 4
System species: {'H', 'He'}
Periodic cell (A): 
[[ 9.99695514e+00  7.99888083e-04 -1.24299194e-03]
 [ 0.00000000e+00  4.99764693e+00 -3.54019655e-04]
 [ 0.00000000e+00  0.00000000e+00  4.99730989e+00]]
Restart: 5 

Previous positions (A):
H        0.3112   -0.2531    0.2194
He       2.0507    2.4620    2.4386
H        5.3516   -0.0345   -0.3864
He       7.7883    2.9008    2.0303
--------------------------------------------------------------------------------
--------------------------------------------------------------------------------
-Frame: 5 
Simulation Time:      0.005 ps 
El            Position (A)                    GP Force (ev/A)                   Std. Dev (ev/A)                  Velocities (A/ps)       
H        0.3112   -0.2531    0.2194        0.0000    0.0000    0.0000        0.0000    0.0000    0.0000        0.0000    0.0000    0.0000
He       2.0507    2.4620    2.4386       -0.9503   -0.0063    0.0571        0.0000    0.0000    0.0000      -35.9707    5.3817   13.9466
H        5.3516   -0.0345   -0.3864        0.5426   -0.2108    0.0949        0.0000    0.0000    0.0000       40.4848  -24.7038   14.4728
He       7.7883    2.9008    2.0303        0.4541    0.2985   -0.1810        0.0000    0.0000    0.0000       25.5218    1.5666  -16.9671

Periodic cell (A): 
[[ 9.99695514e+00  7.99888083e-04 -1.24299194e-03]
 [ 0.00000000e+00  4.99764693e+00 -3.54019655e-04]
 [ 0.00000000e+00  0.00000000e+00  4.99730989e+00]]

Stress tensor (GPa):
       xx        yy        zz        yz        xz        xy
    -2.879    -1.749    -1.591     0.039     0.137    -0.128

Pressure (GPa): -2.073159 
Temperature (K): 1646.54 
Kinetic energy (eV): 0.638495 
Potential energy (eV): 8.193029 
Total energy (eV): 8.831525 

Wall time from start: 0.01 s
--------------------------------------------------------------------------------
-Frame: 6 
Simulation Time:      0.006 ps 
El            Position (A)                    GP Force (ev/A)                   Std. Dev (ev/A)                  Velocities (A/ps)       
H        0.3112   -0.2531    0.2194        0.0000    0.0000    0.0000        0.0000    0.0000    0.0000        0.0000    0.0000    0.0000
He       2.0136    2.4673    2.4527       -1.0193   -0.0125    0.0734        0.0000    0.0000    0.0000      -38.3367    5.3586   14.1017
H        5.3947   -0.0602   -0.3714        0.6205   -0.2316    0.1183        0.0000    0.0000    0.0000       46.0422  -26.8186   15.4930
He       7.8144    2.9028    2.0131        0.4803    0.3149   -0.2012        0.0000    0.0000    0.0000       26.6426    2.3056  -17.4256

Periodic cell (A): 
[[ 9.99695514e+00  7.99888083e-04 -1.24299194e-03]
 [ 0.00000000e+00  4.99764693e+00 -3.54019655e-04]
 [ 0.00000000e+00  0.00000000e+00  4.99730989e+00]]

Stress tensor (GPa):
       xx        yy        zz        yz        xz        xy
     2.919    -0.051     0.148    -0.159     1.483     1.666

Pressure (GPa): 1.005628 
Temperature (K): 1867.58 
Kinetic energy (eV): 0.724211 
Potential energy (eV): 8.107211 
Total energy (eV): 8.831422 

Wall time from start: 0.77 s
--------------------------------------------------------------------------------
-Frame: 7 
Simulation Time:      0.007 ps 
El            Position (A)                    GP Force (ev/A)                   Std. Dev (ev/A)                  Velocities (A/ps)       
H        0.3112   -0.2531    0.2194        0.0000    0.0000    0.0000        0.0000    0.0000    0.0000        0.0000    0.0000    0.0000
He       1.9749    2.4732    2.4673       -1.0918   -0.0191    0.0888        0.0000    0.0000    0.0000      -40.9014    5.3124   14.2913
H        5.4460   -0.0881   -0.3557        0.7086   -0.2546    0.1461        0.0000    0.0000    0.0000       52.4293  -29.1375   16.7710
He       7.8449    2.9061    1.9955        0.5102    0.3396   -0.2297        0.0000    0.0000    0.0000       27.8502    3.1008  -17.9420

Periodic cell (A): 
[[ 1.00011780e+01  8.23985901e-04 -1.66084730e-03]
 [ 0.00000000e+00  4.99872924e+00 -3.84417459e-04]
 [ 0.00000000e+00  0.00000000e+00  4.99835340e+00]]

Stress tensor (GPa):
       xx        yy        zz        yz        xz        xy
     2.943    -0.053     0.168    -0.178     1.350     1.560

Pressure (GPa): 1.019115 
Temperature (K): 2133.92 
Kinetic energy (eV): 0.827492 
Potential energy (eV): 8.001525 
Total energy (eV): 8.829018 

Wall time from start: 1.51 s
--------------------
Run complete.
