2022-02-03 11:36:17.391334
python 3.6.10 |Anaconda, Inc.| (default, Jan  7 2020, 21:14:29) 
[GCC 7.3.0]
numpy 1.19.2
ase 3.21.1
flare 0.2.4
flare_pp 0.1.2

Number of cpu cores: 1
Kernel: ['twobody', 'threebody']
Training points: 20
Cutoffs: {'twobody': 10.0, 'threebody': 6.0}
Number of hyperparameters: 5
Hyperparameter array: [0.0800923  5.12723328 0.00675465 3.6548561  0.13066851]
sig2: 0.08009230435993392 
ls2: 5.127233282328884 
sig3: 0.00675464788014158 
ls3: 3.65485609848177 
noise: 0.1306685147426454 

Uncertainty tolerance: 1.0 times noise hyperparameter 
Timestep (ps): 0.001
Number of frames: 8
Number of atoms: 4
System species: {'H', 'He'}
Periodic cell (A): 
[[10.  0.  0.]
 [ 0.  5.  0.]
 [ 0.  0.  5.]]
Restart: 5 

Previous positions (A):
H        0.3112   -0.2531    0.2194
He       2.0478    2.4741    2.4559
H        5.3413    0.0107   -0.3242
He       7.7878    2.9127    2.0477
--------------------------------------------------------------------------------
--------------------------------------------------------------------------------
-Frame: 5 
Simulation Time:      0.005 ps 
El            Position (A)                    GP Force (ev/A)                   Std. Dev (ev/A)                  Velocities (A/ps)       
H        0.3112   -0.2531    0.2194        0.0000    0.0000    0.0000        0.0000    0.0000    0.0000        0.0000    0.0000    0.0000
He       2.0478    2.4741    2.4559       -0.9468   -0.0079    0.0493        0.0000    0.0000    0.0000      -36.9541    8.3395   17.6684
H        5.3413    0.0107   -0.3242        0.5277   -0.1986    0.1112        0.0000    0.0000    0.0000       37.0720  -12.2465   29.6487
He       7.7878    2.9127    2.0477        0.4654    0.2869   -0.1956        0.0000    0.0000    0.0000       24.7439    4.4610  -13.4511

Periodic cell (A): 
[[10.  0.  0.]
 [ 0.  5.  0.]
 [ 0.  0.  5.]]

Stress tensor (GPa):
       xx        yy        zz        yz        xz        xy
    -2.905    -1.757    -1.614     0.031     0.127    -0.122

Pressure (GPa): -2.092005 
Temperature (K): 1693.29 
Kinetic energy (eV): 0.656624 
Potential energy (eV): 8.237421 
Total energy (eV): 8.894045 

Wall time from start: 0.02 s
--------------------------------------------------------------------------------
-Frame: 6 
Simulation Time:      0.006 ps 
El            Position (A)                    GP Force (ev/A)                   Std. Dev (ev/A)                  Velocities (A/ps)       
H        0.3112   -0.2531    0.2194        0.0000    0.0000    0.0000        0.0000    0.0000    0.0000        0.0000    0.0000    0.0000
He       2.0097    2.4825    2.4736       -1.0150   -0.0139    0.0645        0.0000    0.0000    0.0000      -39.3186    8.3133   17.8055
H        5.3809   -0.0025   -0.2940        0.6029   -0.2164    0.1358        0.0000    0.0000    0.0000       42.4830  -14.2325   30.8311
He       7.8131    2.9175    2.0340        0.4937    0.2998   -0.2195        0.0000    0.0000    0.0000       25.8999    5.1681  -13.9515

Periodic cell (A): 
[[10.  0.  0.]
 [ 0.  5.  0.]
 [ 0.  0.  5.]]

Stress tensor (GPa):
       xx        yy        zz        yz        xz        xy
    -2.948    -1.668    -1.515     0.040     0.144    -0.143

Pressure (GPa): -2.043735 
Temperature (K): 1909.12 
Kinetic energy (eV): 0.740317 
Potential energy (eV): 8.153893 
Total energy (eV): 8.894210 

Wall time from start: 0.03 s
--------------------------------------------------------------------------------
-Frame: 7 
Simulation Time:      0.007 ps 
El            Position (A)                    GP Force (ev/A)                   Std. Dev (ev/A)                  Velocities (A/ps)       
H        0.3112   -0.2531    0.2194        0.0000    0.0000    0.0000        0.0000    0.0000    0.0000        0.0000    0.0000    0.0000
He       1.9692    2.4908    2.4915       -1.0863   -0.0205    0.0798        0.0000    0.0000    0.0000      -41.8512    8.2719   17.9794
H        5.4262   -0.0177   -0.2626        0.6903   -0.2374    0.1646        0.0000    0.0000    0.0000       48.6720  -16.4044   32.2689
He       7.8396    2.9230    2.0198        0.5226    0.3199   -0.2512        0.0000    0.0000    0.0000       27.1248    5.9150  -14.5189

Periodic cell (A): 
[[10.  0.  0.]
 [ 0.  5.  0.]
 [ 0.  0.  5.]]

Stress tensor (GPa):
       xx        yy        zz        yz        xz        xy
     2.967    -0.043     0.166    -0.161     1.388     1.549

Pressure (GPa): 1.029964 
Temperature (K): 2167.03 
Kinetic energy (eV): 0.840330 
Potential energy (eV): 8.053912 
Total energy (eV): 8.894242 

Wall time from start: 0.78 s
--------------------
Run complete.
