---
source: milli/src/index.rs
---
age              1      |
id               2      |
name             2      |

